---
http_interactions:
- request:
    method: post
    uri: https://api.monday.com/v2
    body:
      encoding: UTF-8
      string: '{"query":"mutation{create_board(board_name: \"Duplicate Valid Test\",
        board_kind: private){id name description}}"}'
    headers:
      Content-Type:
      - application/json
      Authorization:
      - "<TOKEN>"
      Accept-Encoding:
      - gzip;q=1.0,deflate;q=0.6,identity;q=0.3
      Accept:
      - "*/*"
      User-Agent:
      - Ruby
  response:
    status:
      code: 200
      message: OK
    headers:
      Date:
      - Fri, 24 Oct 2025 21:43:02 GMT
      Content-Type:
      - application/json
      Transfer-Encoding:
      - chunked
      Connection:
      - keep-alive
      Cf-Ray:
      - 993ca5b71fe00f71-EWR
      X-Api-Router:
      - 'true'
      Api-Version:
      - 2025-07
      X-Request-Id:
      - 32968b23-c068-92e5-ba4f-6d7266faa142
      Vary:
      - accept-encoding
      - origin
      Access-Control-Allow-Origin:
      - "*"
      X-Envoy-Upstream-Service-Time:
      - '1333'
      Content-Security-Policy:
      - ";"
      Content-Security-Policy-Report-Only:
      - frame-ancestors https://*.monday.com; script-src 'self'; worker-src 'self';
        connect-src 'self'; report-uri https://o916138.ingest.us.sentry.io/api/4507803872198656/security/?sentry_key=8e1fb7e952d4abfd146752c94791f51a&sentry_environment=production;
      X-Monday-Rgn:
      - use1
      Cf-Cache-Status:
      - DYNAMIC
      Set-Cookie:
      - __cf_bm=WvWKowEhQq_5b0C6UDTTm2M.xHJSBy6dC6AiqjSWJLk-1761342182-1.0.1.1-yl8ppJDX5_uDvnj_L5mkATggaIe4HReL.MHuFRkJ3W2NkA4Jf56NDycixEkzfkylgStchS7mN3fyPulpTI4fTMijfCqFvdH9ifkay4gFwYqh4xKCkKXqf0WQzVjgIzHH;
        path=/; expires=Fri, 24-Oct-25 22:13:02 GMT; domain=.monday.com; HttpOnly;
        Secure; SameSite=None
      - _cfuvid=3KkbbV6.6.MA0xYo8BE9YbASaXGmvU85egkxnH9Vi8o-1761342182349-0.0.1.1-604800000;
        path=/; domain=.monday.com; HttpOnly; Secure; SameSite=None
      Strict-Transport-Security:
      - max-age=31536000; includeSubDomains
      Server:
      - cloudflare
    body:
      encoding: ASCII-8BIT
      string: '{"data":{"create_board":{"id":"18267597417","name":"Duplicate Valid
        Test","description":null}},"extensions":{"request_id":"32968b23-c068-92e5-ba4f-6d7266faa142"}}'
  recorded_at: Fri, 24 Oct 2025 21:43:02 GMT
- request:
    method: post
    uri: https://api.monday.com/v2
    body:
      encoding: UTF-8
      string: '{"query":"mutation{create_group(board_id: \"18267597417\", group_name:
        \"Test Group\"){id title}}"}'
    headers:
      Content-Type:
      - application/json
      Authorization:
      - "<TOKEN>"
      Accept-Encoding:
      - gzip;q=1.0,deflate;q=0.6,identity;q=0.3
      Accept:
      - "*/*"
      User-Agent:
      - Ruby
  response:
    status:
      code: 200
      message: OK
    headers:
      Date:
      - Fri, 24 Oct 2025 21:43:03 GMT
      Content-Type:
      - application/json
      Transfer-Encoding:
      - chunked
      Connection:
      - keep-alive
      Cf-Ray:
      - 993ca5c01c4126df-EWR
      X-Api-Router:
      - 'true'
      Api-Version:
      - 2025-07
      X-Request-Id:
      - 3bd761c9-deb9-92f2-8513-dd13e88d4f27
      Vary:
      - accept-encoding
      - origin
      Access-Control-Allow-Origin:
      - "*"
      X-Envoy-Upstream-Service-Time:
      - '696'
      Content-Security-Policy:
      - ";"
      Content-Security-Policy-Report-Only:
      - frame-ancestors https://*.monday.com; script-src 'self'; worker-src 'self';
        connect-src 'self'; report-uri https://o916138.ingest.us.sentry.io/api/4507803872198656/security/?sentry_key=8e1fb7e952d4abfd146752c94791f51a&sentry_environment=production;
      X-Monday-Rgn:
      - use1
      Cf-Cache-Status:
      - DYNAMIC
      Set-Cookie:
      - __cf_bm=Rm98SK5oUFmGJ_1V_MIvKGWjKffJGL.9i86_fbnPUyA-1761342183-1.0.1.1-Ovq7wRcm8EjNP9jpU6q2AjNBGl_iPpjviF.NZYUuQVUynjKJD0Gi.wJHMe0ak9oC6OL6AgsUehUZeJpcxeRgK4q4j.wOVURY4UWdk6IQIVQb60fLCrkWWXR0VzDclQPc;
        path=/; expires=Fri, 24-Oct-25 22:13:03 GMT; domain=.monday.com; HttpOnly;
        Secure; SameSite=None
      - _cfuvid=.7enUa1TucvT4LiuEbcxhkXptrpfstEyA10uGhNOKA4-1761342183156-0.0.1.1-604800000;
        path=/; domain=.monday.com; HttpOnly; Secure; SameSite=None
      Strict-Transport-Security:
      - max-age=31536000; includeSubDomains
      Server:
      - cloudflare
    body:
      encoding: ASCII-8BIT
      string: '{"data":{"create_group":{"id":"group_mkx1h8td","title":"Test Group"}},"extensions":{"request_id":"3bd761c9-deb9-92f2-8513-dd13e88d4f27"}}'
  recorded_at: Fri, 24 Oct 2025 21:43:03 GMT
- request:
    method: post
    uri: https://api.monday.com/v2
    body:
      encoding: UTF-8
      string: '{"query":"mutation{duplicate_group(board_id: \"18267597417\", group_id:
        \"group_mkx1h8td\"){id title}}"}'
    headers:
      Content-Type:
      - application/json
      Authorization:
      - "<TOKEN>"
      Accept-Encoding:
      - gzip;q=1.0,deflate;q=0.6,identity;q=0.3
      Accept:
      - "*/*"
      User-Agent:
      - Ruby
  response:
    status:
      code: 200
      message: OK
    headers:
      Date:
      - Fri, 24 Oct 2025 21:43:04 GMT
      Content-Type:
      - application/json
      Transfer-Encoding:
      - chunked
      Connection:
      - keep-alive
      Cf-Ray:
      - 993ca5c599dd49c1-EWR
      X-Api-Router:
      - 'true'
      Api-Version:
      - 2025-07
      X-Request-Id:
      - 17c82c69-6fa9-91a5-8555-f5f9b4a9b17f
      Vary:
      - accept-encoding
      - origin
      Access-Control-Allow-Origin:
      - "*"
      X-Envoy-Upstream-Service-Time:
      - '902'
      Content-Security-Policy:
      - ";"
      Content-Security-Policy-Report-Only:
      - frame-ancestors https://*.monday.com; script-src 'self'; worker-src 'self';
        connect-src 'self'; report-uri https://o916138.ingest.us.sentry.io/api/4507803872198656/security/?sentry_key=8e1fb7e952d4abfd146752c94791f51a&sentry_environment=production;
      X-Monday-Rgn:
      - use1
      Cf-Cache-Status:
      - DYNAMIC
      Set-Cookie:
      - __cf_bm=awOSdOBBSSbnlxo3hhU5bUHsu.lgyDRzdmc29ox05M4-1761342184-1.0.1.1-pi1bAFHxiVYe9vNtZZcf9DaVfgInCKDdpn2HXBKwxnCDH1HbX9wkvDa4UwJd1rcHVOORj6prLMJbhyoPAsSMXVAVspnqKJY9qfcoRCRvGcbwOm4DmZcSfcKAw1zXVN9K;
        path=/; expires=Fri, 24-Oct-25 22:13:04 GMT; domain=.monday.com; HttpOnly;
        Secure; SameSite=None
      - _cfuvid=ciCtgz7GUQD8ctDWcVTSB7lHELYHdCHanl7EtgT3M5s-1761342184230-0.0.1.1-604800000;
        path=/; domain=.monday.com; HttpOnly; Secure; SameSite=None
      Strict-Transport-Security:
      - max-age=31536000; includeSubDomains
      Server:
      - cloudflare
    body:
      encoding: ASCII-8BIT
      string: '{"data":{"duplicate_group":{"id":"group_mkx1qxft","title":"Duplicate
        of Test Group"}},"extensions":{"request_id":"17c82c69-6fa9-91a5-8555-f5f9b4a9b17f"}}'
  recorded_at: Fri, 24 Oct 2025 21:43:04 GMT
- request:
    method: post
    uri: https://api.monday.com/v2
    body:
      encoding: UTF-8
      string: '{"query":"mutation{delete_board(board_id: 18267597417){id}}"}'
    headers:
      Content-Type:
      - application/json
      Authorization:
      - "<TOKEN>"
      Accept-Encoding:
      - gzip;q=1.0,deflate;q=0.6,identity;q=0.3
      Accept:
      - "*/*"
      User-Agent:
      - Ruby
  response:
    status:
      code: 200
      message: OK
    headers:
      Date:
      - Fri, 24 Oct 2025 21:43:05 GMT
      Content-Type:
      - application/json
      Transfer-Encoding:
      - chunked
      Connection:
      - keep-alive
      Cf-Ray:
      - 993ca5cbfd63ea5b-EWR
      X-Api-Router:
      - 'true'
      Api-Version:
      - 2025-07
      X-Request-Id:
      - 27140803-2766-95c7-8b6d-ea9d33861bfc
      Vary:
      - accept-encoding
      - origin
      Access-Control-Allow-Origin:
      - "*"
      X-Envoy-Upstream-Service-Time:
      - '707'
      Content-Security-Policy:
      - ";"
      Content-Security-Policy-Report-Only:
      - frame-ancestors https://*.monday.com; script-src 'self'; worker-src 'self';
        connect-src 'self'; report-uri https://o916138.ingest.us.sentry.io/api/4507803872198656/security/?sentry_key=8e1fb7e952d4abfd146752c94791f51a&sentry_environment=production;
      X-Monday-Rgn:
      - use1
      Cf-Cache-Status:
      - DYNAMIC
      Set-Cookie:
      - __cf_bm=F8w5dBVPURUV_wX1loxr_EuOA4ipiYeiNRVfVcByjmI-1761342185-1.0.1.1-n2.8bZ.rgo7lv3DFzjay5BByD_fEBVOWsUOvxL6nIJLwvY0T8AmaZ1BedSfyLQZzY38rx9B7k6x9oopnf6dwDMNmKe11lF5E3SksOukw7wwTHxOUfrCwTOy9kHpBPWix;
        path=/; expires=Fri, 24-Oct-25 22:13:05 GMT; domain=.monday.com; HttpOnly;
        Secure; SameSite=None
      - _cfuvid=vsoT1PS7CLFomkMtFCciUG4aba87EgcXsOVkS12OV6s-1761342185063-0.0.1.1-604800000;
        path=/; domain=.monday.com; HttpOnly; Secure; SameSite=None
      Strict-Transport-Security:
      - max-age=31536000; includeSubDomains
      Server:
      - cloudflare
    body:
      encoding: ASCII-8BIT
      string: '{"data":{"delete_board":{"id":"18267597417"}},"extensions":{"request_id":"27140803-2766-95c7-8b6d-ea9d33861bfc"}}'
  recorded_at: Fri, 24 Oct 2025 21:43:05 GMT
recorded_with: VCR 6.3.1
