---
http_interactions:
- request:
    method: post
    uri: https://api.monday.com/v2
    body:
      encoding: UTF-8
      string: '{"query":"mutation{create_board(board_name: \"Archive Valid Test\",
        board_kind: private){id name description}}"}'
    headers:
      Content-Type:
      - application/json
      Authorization:
      - "<TOKEN>"
      Accept-Encoding:
      - gzip;q=1.0,deflate;q=0.6,identity;q=0.3
      Accept:
      - "*/*"
      User-Agent:
      - Ruby
  response:
    status:
      code: 200
      message: OK
    headers:
      Date:
      - Fri, 24 Oct 2025 21:56:28 GMT
      Content-Type:
      - application/json
      Transfer-Encoding:
      - chunked
      Connection:
      - keep-alive
      Cf-Ray:
      - 993cb963495b52c6-EWR
      X-Api-Router:
      - 'true'
      Api-Version:
      - 2025-07
      X-Request-Id:
      - 208ee031-9779-95fc-8e30-94b9697ef387
      Vary:
      - accept-encoding
      - origin
      Access-Control-Allow-Origin:
      - "*"
      X-Envoy-Upstream-Service-Time:
      - '1552'
      Content-Security-Policy:
      - ";"
      Content-Security-Policy-Report-Only:
      - frame-ancestors https://*.monday.com; script-src 'self'; worker-src 'self';
        connect-src 'self'; report-uri https://o916138.ingest.us.sentry.io/api/4507803872198656/security/?sentry_key=8e1fb7e952d4abfd146752c94791f51a&sentry_environment=production;
      X-Monday-Rgn:
      - use1
      Cf-Cache-Status:
      - DYNAMIC
      Set-Cookie:
      - __cf_bm=gfGmq1QzZYrzb8ZWK6UONABFgVt7t2RVeby6wtK2hfM-1761342988-1.0.1.1-G26gKl1HsDS2md3fgWBJ8Axegh9cgOomhgUCX9o47K5byqjmxVEUtyxcBMhSvaE04ItlpXt0N9rY9RRHZiWPS6em8jy1ojsXuIBzoEamVsGqDLxaXBO6dw7Pr_mZJ2yE;
        path=/; expires=Fri, 24-Oct-25 22:26:28 GMT; domain=.monday.com; HttpOnly;
        Secure; SameSite=None
      - _cfuvid=w5gXi14vusce3pgApPJVXv_UYjhEBF.R4lLxch9Uqr0-1761342988353-0.0.1.1-604800000;
        path=/; domain=.monday.com; HttpOnly; Secure; SameSite=None
      Strict-Transport-Security:
      - max-age=31536000; includeSubDomains
      Server:
      - cloudflare
    body:
      encoding: ASCII-8BIT
      string: '{"data":{"create_board":{"id":"18267654142","name":"Archive Valid Test","description":null}},"extensions":{"request_id":"208ee031-9779-95fc-8e30-94b9697ef387"}}'
  recorded_at: Fri, 24 Oct 2025 21:56:28 GMT
- request:
    method: post
    uri: https://api.monday.com/v2
    body:
      encoding: UTF-8
      string: '{"query":"mutation{create_group(board_id: \"18267654142\", group_name:
        \"Test Group\"){id title}}"}'
    headers:
      Content-Type:
      - application/json
      Authorization:
      - "<TOKEN>"
      Accept-Encoding:
      - gzip;q=1.0,deflate;q=0.6,identity;q=0.3
      Accept:
      - "*/*"
      User-Agent:
      - Ruby
  response:
    status:
      code: 200
      message: OK
    headers:
      Date:
      - Fri, 24 Oct 2025 21:56:29 GMT
      Content-Type:
      - application/json
      Transfer-Encoding:
      - chunked
      Connection:
      - keep-alive
      Cf-Ray:
      - 993cb96de91a4f3a-EWR
      X-Api-Router:
      - 'true'
      Api-Version:
      - 2025-07
      X-Request-Id:
      - 8211bc4c-7721-9615-b73a-959f76ed040e
      Vary:
      - accept-encoding
      - origin
      Access-Control-Allow-Origin:
      - "*"
      X-Envoy-Upstream-Service-Time:
      - '864'
      Content-Security-Policy:
      - ";"
      Content-Security-Policy-Report-Only:
      - frame-ancestors https://*.monday.com; script-src 'self'; worker-src 'self';
        connect-src 'self'; report-uri https://o916138.ingest.us.sentry.io/api/4507803872198656/security/?sentry_key=8e1fb7e952d4abfd146752c94791f51a&sentry_environment=production;
      X-Monday-Rgn:
      - use1
      Cf-Cache-Status:
      - DYNAMIC
      Set-Cookie:
      - __cf_bm=Ex24Cfi8TCyQv3_6c6VFA.Xhg31RKZOrb7y6yAY.VyY-1761342989-1.0.1.1-jnWJDDxqSyeg9xD_fStPtmIxglD5EJgNdBwsNxwuXvAvrBhturppIZdjo9LP.XsyWrHsMwf8RoHpfgPeall6AAROaH6F20O5vjb3xNxBe5HPhGjXaaXvBtmgLeTnuurJ;
        path=/; expires=Fri, 24-Oct-25 22:26:29 GMT; domain=.monday.com; HttpOnly;
        Secure; SameSite=None
      - _cfuvid=DX_tbiZJIXFuvgcw29rN9f_pvuQvs0K.MoBNhhfS8m0-1761342989362-0.0.1.1-604800000;
        path=/; domain=.monday.com; HttpOnly; Secure; SameSite=None
      Strict-Transport-Security:
      - max-age=31536000; includeSubDomains
      Server:
      - cloudflare
    body:
      encoding: ASCII-8BIT
      string: '{"data":{"create_group":{"id":"group_mkx1m8qn","title":"Test Group"}},"extensions":{"request_id":"8211bc4c-7721-9615-b73a-959f76ed040e"}}'
  recorded_at: Fri, 24 Oct 2025 21:56:29 GMT
- request:
    method: post
    uri: https://api.monday.com/v2
    body:
      encoding: UTF-8
      string: '{"query":"mutation{archive_group(board_id: \"18267654142\", group_id:
        \"group_mkx1m8qn\"){id}}"}'
    headers:
      Content-Type:
      - application/json
      Authorization:
      - "<TOKEN>"
      Accept-Encoding:
      - gzip;q=1.0,deflate;q=0.6,identity;q=0.3
      Accept:
      - "*/*"
      User-Agent:
      - Ruby
  response:
    status:
      code: 200
      message: OK
    headers:
      Date:
      - Fri, 24 Oct 2025 21:56:30 GMT
      Content-Type:
      - application/json
      Transfer-Encoding:
      - chunked
      Connection:
      - keep-alive
      Cf-Ray:
      - 993cb9744a071dcc-EWR
      X-Api-Router:
      - 'true'
      Api-Version:
      - 2025-07
      X-Request-Id:
      - c1fb4244-877b-93fb-8acc-220d012106e5
      Vary:
      - accept-encoding
      - origin
      Access-Control-Allow-Origin:
      - "*"
      X-Envoy-Upstream-Service-Time:
      - '1250'
      Content-Security-Policy:
      - ";"
      Content-Security-Policy-Report-Only:
      - frame-ancestors https://*.monday.com; script-src 'self'; worker-src 'self';
        connect-src 'self'; report-uri https://o916138.ingest.us.sentry.io/api/4507803872198656/security/?sentry_key=8e1fb7e952d4abfd146752c94791f51a&sentry_environment=production;
      X-Monday-Rgn:
      - use1
      Cf-Cache-Status:
      - DYNAMIC
      Set-Cookie:
      - __cf_bm=HQ69NupFRbZew82FAfvZXn3Yw0ju75er6FSvaIFXiPg-1761342990-1.0.1.1-HTnLxsArQUeLDK6QenY2mUHaE2GLHuIj0Y1VqBlMCwwrYtG.vZYCd.fN055Qy.KM0A9z5b5ungHntYvWdJ3DueGi1ZirreYUalDCZkJs_rrSLk2KL.iZdE3slBm5mCXg;
        path=/; expires=Fri, 24-Oct-25 22:26:30 GMT; domain=.monday.com; HttpOnly;
        Secure; SameSite=None
      - _cfuvid=WMa5RkcFC_iXzAW1OZvRIuc5OmFmNTjqZV0F5osKTQE-1761342990773-0.0.1.1-604800000;
        path=/; domain=.monday.com; HttpOnly; Secure; SameSite=None
      Strict-Transport-Security:
      - max-age=31536000; includeSubDomains
      Server:
      - cloudflare
    body:
      encoding: ASCII-8BIT
      string: '{"data":{"archive_group":{"id":"group_mkx1m8qn"}},"extensions":{"request_id":"c1fb4244-877b-93fb-8acc-220d012106e5"}}'
  recorded_at: Fri, 24 Oct 2025 21:56:30 GMT
- request:
    method: post
    uri: https://api.monday.com/v2
    body:
      encoding: UTF-8
      string: '{"query":"mutation{delete_board(board_id: 18267654142){id}}"}'
    headers:
      Content-Type:
      - application/json
      Authorization:
      - "<TOKEN>"
      Accept-Encoding:
      - gzip;q=1.0,deflate;q=0.6,identity;q=0.3
      Accept:
      - "*/*"
      User-Agent:
      - Ruby
  response:
    status:
      code: 200
      message: OK
    headers:
      Date:
      - Fri, 24 Oct 2025 21:56:31 GMT
      Content-Type:
      - application/json
      Transfer-Encoding:
      - chunked
      Connection:
      - keep-alive
      Cf-Ray:
      - 993cb97cbd86d96d-EWR
      X-Api-Router:
      - 'true'
      Api-Version:
      - 2025-07
      X-Request-Id:
      - 0dbc084c-8b29-98c9-8da3-ad04f1e0f287
      Vary:
      - accept-encoding
      - origin
      Access-Control-Allow-Origin:
      - "*"
      X-Envoy-Upstream-Service-Time:
      - '787'
      Content-Security-Policy:
      - ";"
      Content-Security-Policy-Report-Only:
      - frame-ancestors https://*.monday.com; script-src 'self'; worker-src 'self';
        connect-src 'self'; report-uri https://o916138.ingest.us.sentry.io/api/4507803872198656/security/?sentry_key=8e1fb7e952d4abfd146752c94791f51a&sentry_environment=production;
      X-Monday-Rgn:
      - use1
      Cf-Cache-Status:
      - DYNAMIC
      Set-Cookie:
      - __cf_bm=20qKNXkGic56lsuAzYuHc5mar7h8jF1zuofQ1XLzN5Y-1761342991-1.0.1.1-Oh3n_924yiOr2rPsfpVRViZBNt66_1gCP7AOnSdfVDJx2qEjYr.9L0fsN_SaHkivfl_D52dnZUDCMpKcWmmBknPEKge5lUAoJfR4gqYs3gDB2jJyDlu_ZW4Lrl_Shmqt;
        path=/; expires=Fri, 24-Oct-25 22:26:31 GMT; domain=.monday.com; HttpOnly;
        Secure; SameSite=None
      - _cfuvid=Yj24Kdi5DHhCSFjCHscNBMZVdvzPMRP0hfljsgnar9Q-1761342991671-0.0.1.1-604800000;
        path=/; domain=.monday.com; HttpOnly; Secure; SameSite=None
      Strict-Transport-Security:
      - max-age=31536000; includeSubDomains
      Server:
      - cloudflare
    body:
      encoding: ASCII-8BIT
      string: '{"data":{"delete_board":{"id":"18267654142"}},"extensions":{"request_id":"0dbc084c-8b29-98c9-8da3-ad04f1e0f287"}}'
  recorded_at: Fri, 24 Oct 2025 21:56:31 GMT
recorded_with: VCR 6.3.1
