---
http_interactions:
- request:
    method: post
    uri: https://api.monday.com/v2
    body:
      encoding: UTF-8
      string: '{"query":"mutation{create_board(board_name: \"Empty Board\", board_kind:
        private){id name description}}"}'
    headers:
      Content-Type:
      - application/json
      Authorization:
      - "<TOKEN>"
      Accept-Encoding:
      - gzip;q=1.0,deflate;q=0.6,identity;q=0.3
      Accept:
      - "*/*"
      User-Agent:
      - Ruby
  response:
    status:
      code: 200
      message: OK
    headers:
      Date:
      - Fri, 24 Oct 2025 17:53:48 GMT
      Content-Type:
      - application/json
      Transfer-Encoding:
      - chunked
      Connection:
      - keep-alive
      Cf-Ray:
      - 993b55ec79ccf569-EWR
      X-Api-Router:
      - 'true'
      Api-Version:
      - 2025-07
      X-Request-Id:
      - c672c676-196d-99f6-9931-1b90c9974bd2
      Vary:
      - accept-encoding
      - origin
      Access-Control-Allow-Origin:
      - "*"
      X-Envoy-Upstream-Service-Time:
      - '1522'
      Content-Security-Policy:
      - ";"
      Content-Security-Policy-Report-Only:
      - frame-ancestors https://*.monday.com; script-src 'self'; worker-src 'self';
        connect-src 'self'; report-uri https://o916138.ingest.us.sentry.io/api/4507803872198656/security/?sentry_key=8e1fb7e952d4abfd146752c94791f51a&sentry_environment=production;
      X-Monday-Rgn:
      - use1
      Cf-Cache-Status:
      - DYNAMIC
      Set-Cookie:
      - __cf_bm=xEiom3MBr7rHnvMUaqQS5URaQj9gfWAGmMUAVQmJWIg-1761328428-1.0.1.1-bL1nZqYn1liD3BG2woW_k.G7soKn4FonyiH82QRwvc_wIbZnWCT0XJsSttQRtK_BaembbvbxdlM1N9APKfCBg3Mnemq2nDlvrGjxqYFhb.sayxTTGcXPYAcX8U02vNOt;
        path=/; expires=Fri, 24-Oct-25 18:23:48 GMT; domain=.monday.com; HttpOnly;
        Secure; SameSite=None
      - _cfuvid=Wcc2WhEhf5O9Psqm5Iwq2Pp8znCm9RHkGMzQ3Av_xZA-1761328428548-0.0.1.1-604800000;
        path=/; domain=.monday.com; HttpOnly; Secure; SameSite=None
      Strict-Transport-Security:
      - max-age=31536000; includeSubDomains
      Server:
      - cloudflare
    body:
      encoding: ASCII-8BIT
      string: '{"data":{"create_board":{"id":"18265706409","name":"Empty Board","description":null}},"extensions":{"request_id":"c672c676-196d-99f6-9931-1b90c9974bd2"}}'
  recorded_at: Fri, 24 Oct 2025 17:53:48 GMT
- request:
    method: post
    uri: https://api.monday.com/v2
    body:
      encoding: UTF-8
      string: '{"query":"query{boards(ids: [\"18265706409\"]){items_page(limit: 500){cursor
        items{id name}}}}"}'
    headers:
      Content-Type:
      - application/json
      Authorization:
      - "<TOKEN>"
      Accept-Encoding:
      - gzip;q=1.0,deflate;q=0.6,identity;q=0.3
      Accept:
      - "*/*"
      User-Agent:
      - Ruby
  response:
    status:
      code: 200
      message: OK
    headers:
      Date:
      - Fri, 24 Oct 2025 17:53:49 GMT
      Content-Type:
      - application/json
      Transfer-Encoding:
      - chunked
      Connection:
      - keep-alive
      Cf-Ray:
      - 993b55f70fa1db6d-EWR
      X-Api-Router:
      - 'true'
      Api-Version:
      - 2025-07
      X-Request-Id:
      - 47d82999-f74f-9690-a835-4cc5e047ca97
      Vary:
      - accept-encoding
      - origin
      Access-Control-Allow-Origin:
      - "*"
      X-Envoy-Upstream-Service-Time:
      - '705'
      Content-Security-Policy:
      - ";"
      Content-Security-Policy-Report-Only:
      - frame-ancestors https://*.monday.com; script-src 'self'; worker-src 'self';
        connect-src 'self'; report-uri https://o916138.ingest.us.sentry.io/api/4507803872198656/security/?sentry_key=8e1fb7e952d4abfd146752c94791f51a&sentry_environment=production;
      X-Monday-Rgn:
      - use1
      Cf-Cache-Status:
      - DYNAMIC
      Set-Cookie:
      - __cf_bm=k0FGXOc9WhUftjkAtWn2WARjzYTE.u5fj3jFYW3X0.0-1761328429-1.0.1.1-3C0_zqU2TwbhuZtZj31xy3GXzmGGQ5PWQJ2IRG.Zb3I7YqbqnEcCAtzTgshMYz9ojPCPlUE78OdNOlUOoqxVsrVyA7mDYuCwm.pmyh8L7PBKpIOsYYT80_GJezzR0mVs;
        path=/; expires=Fri, 24-Oct-25 18:23:49 GMT; domain=.monday.com; HttpOnly;
        Secure; SameSite=None
      - _cfuvid=86_Wc2nsTmV0XxzuXsPwUeyuWyGcjnNx8zVFRT23HWM-1761328429396-0.0.1.1-604800000;
        path=/; domain=.monday.com; HttpOnly; Secure; SameSite=None
      Strict-Transport-Security:
      - max-age=31536000; includeSubDomains
      Server:
      - cloudflare
    body:
      encoding: ASCII-8BIT
      string: '{"data":{"boards":[{"items_page":{"cursor":null,"items":[{"id":"18265706448","name":"Task
        1"}]}}]},"extensions":{"request_id":"47d82999-f74f-9690-a835-4cc5e047ca97"}}'
  recorded_at: Fri, 24 Oct 2025 17:53:49 GMT
- request:
    method: post
    uri: https://api.monday.com/v2
    body:
      encoding: UTF-8
      string: '{"query":"mutation{delete_item(item_id: 18265706448){id}}"}'
    headers:
      Content-Type:
      - application/json
      Authorization:
      - "<TOKEN>"
      Accept-Encoding:
      - gzip;q=1.0,deflate;q=0.6,identity;q=0.3
      Accept:
      - "*/*"
      User-Agent:
      - Ruby
  response:
    status:
      code: 200
      message: OK
    headers:
      Date:
      - Fri, 24 Oct 2025 17:53:50 GMT
      Content-Type:
      - application/json
      Transfer-Encoding:
      - chunked
      Connection:
      - keep-alive
      Cf-Ray:
      - 993b55fcdad08df5-EWR
      X-Api-Router:
      - 'true'
      Api-Version:
      - 2025-07
      X-Request-Id:
      - a7a9cea6-cff2-9ebf-8a96-ccc01956b72c
      Vary:
      - accept-encoding
      - origin
      Access-Control-Allow-Origin:
      - "*"
      X-Envoy-Upstream-Service-Time:
      - '942'
      Content-Security-Policy:
      - ";"
      Content-Security-Policy-Report-Only:
      - frame-ancestors https://*.monday.com; script-src 'self'; worker-src 'self';
        connect-src 'self'; report-uri https://o916138.ingest.us.sentry.io/api/4507803872198656/security/?sentry_key=8e1fb7e952d4abfd146752c94791f51a&sentry_environment=production;
      X-Monday-Rgn:
      - use1
      Cf-Cache-Status:
      - DYNAMIC
      Set-Cookie:
      - __cf_bm=_RYKatlE.edxJKit03AsNdNMX0IY3vyHtzYEJM31UgA-1761328430-1.0.1.1-XwGFwRLlrkbMwKEg0K6jhGdK7fCOt1P.vrdtYrIRPgry5.S7FSeMuqn6plkOSfWDO_gxEK_xmkuRdhaJwQtPqFN0o1_XSE9pWT0HSrToW1qnGNjlZJ0ZDtG68Mwqvxa6;
        path=/; expires=Fri, 24-Oct-25 18:23:50 GMT; domain=.monday.com; HttpOnly;
        Secure; SameSite=None
      - _cfuvid=XU2.vfhDQuxVaKVC8m3Q6NW2UDIb7ruE5g2M0NZdZIM-1761328430574-0.0.1.1-604800000;
        path=/; domain=.monday.com; HttpOnly; Secure; SameSite=None
      Strict-Transport-Security:
      - max-age=31536000; includeSubDomains
      Server:
      - cloudflare
    body:
      encoding: ASCII-8BIT
      string: '{"data":{"delete_item":{"id":"18265706448"}},"extensions":{"request_id":"a7a9cea6-cff2-9ebf-8a96-ccc01956b72c"}}'
  recorded_at: Fri, 24 Oct 2025 17:53:50 GMT
- request:
    method: post
    uri: https://api.monday.com/v2
    body:
      encoding: UTF-8
      string: '{"query":"query{boards(ids: [\"18265706409\"]){items_page(limit: 5){cursor
        items{id name}}}}"}'
    headers:
      Content-Type:
      - application/json
      Authorization:
      - "<TOKEN>"
      Accept-Encoding:
      - gzip;q=1.0,deflate;q=0.6,identity;q=0.3
      Accept:
      - "*/*"
      User-Agent:
      - Ruby
  response:
    status:
      code: 200
      message: OK
    headers:
      Date:
      - Fri, 24 Oct 2025 17:53:51 GMT
      Content-Type:
      - application/json
      Transfer-Encoding:
      - chunked
      Connection:
      - keep-alive
      Cf-Ray:
      - 993b5603d8c641a9-EWR
      X-Api-Router:
      - 'true'
      Api-Version:
      - 2025-07
      X-Request-Id:
      - c0e8703b-4788-9126-bba5-67931d65ab68
      Vary:
      - accept-encoding
      - origin
      Access-Control-Allow-Origin:
      - "*"
      X-Envoy-Upstream-Service-Time:
      - '511'
      Content-Security-Policy:
      - ";"
      Content-Security-Policy-Report-Only:
      - frame-ancestors https://*.monday.com; script-src 'self'; worker-src 'self';
        connect-src 'self'; report-uri https://o916138.ingest.us.sentry.io/api/4507803872198656/security/?sentry_key=8e1fb7e952d4abfd146752c94791f51a&sentry_environment=production;
      X-Monday-Rgn:
      - use1
      Cf-Cache-Status:
      - DYNAMIC
      Set-Cookie:
      - __cf_bm=B8F2jEwKQTewUIi_r3KFdLbCSdMKYQhdGhFnRkr.ovw-1761328431-1.0.1.1-KOY6vveWbrkbHum9TtqYMTFTIJ3MxGgVDGxpexAfoe_0CCuFI38oVP6cN_FbfZh0iFqrgQj1XZ1aFUMkngfWWHnqiNH3uc7HqN4XX9fsTlNH98B2Rw10mQ8pZatradHj;
        path=/; expires=Fri, 24-Oct-25 18:23:51 GMT; domain=.monday.com; HttpOnly;
        Secure; SameSite=None
      - _cfuvid=XrwkMeD8sBBjPPOm8Bd63LIRzDPugeIWMv1D.Y5S2qQ-1761328431257-0.0.1.1-604800000;
        path=/; domain=.monday.com; HttpOnly; Secure; SameSite=None
      Strict-Transport-Security:
      - max-age=31536000; includeSubDomains
      Server:
      - cloudflare
    body:
      encoding: ASCII-8BIT
      string: '{"data":{"boards":[{"items_page":{"cursor":null,"items":[]}}]},"extensions":{"request_id":"c0e8703b-4788-9126-bba5-67931d65ab68"}}'
  recorded_at: Fri, 24 Oct 2025 17:53:51 GMT
- request:
    method: post
    uri: https://api.monday.com/v2
    body:
      encoding: UTF-8
      string: '{"query":"mutation{delete_board(board_id: 18265706409){id}}"}'
    headers:
      Content-Type:
      - application/json
      Authorization:
      - "<TOKEN>"
      Accept-Encoding:
      - gzip;q=1.0,deflate;q=0.6,identity;q=0.3
      Accept:
      - "*/*"
      User-Agent:
      - Ruby
  response:
    status:
      code: 200
      message: OK
    headers:
      Date:
      - Fri, 24 Oct 2025 17:53:52 GMT
      Content-Type:
      - application/json
      Transfer-Encoding:
      - chunked
      Connection:
      - keep-alive
      Cf-Ray:
      - 993b560858b3269c-EWR
      X-Api-Router:
      - 'true'
      Api-Version:
      - 2025-07
      X-Request-Id:
      - c94ecd18-9d98-940c-89fe-c8dae5d42878
      Vary:
      - accept-encoding
      - origin
      Access-Control-Allow-Origin:
      - "*"
      X-Envoy-Upstream-Service-Time:
      - '840'
      Content-Security-Policy:
      - ";"
      Content-Security-Policy-Report-Only:
      - frame-ancestors https://*.monday.com; script-src 'self'; worker-src 'self';
        connect-src 'self'; report-uri https://o916138.ingest.us.sentry.io/api/4507803872198656/security/?sentry_key=8e1fb7e952d4abfd146752c94791f51a&sentry_environment=production;
      X-Monday-Rgn:
      - use1
      Cf-Cache-Status:
      - DYNAMIC
      Set-Cookie:
      - __cf_bm=W6cKlX4TAiwFDan_sJG4_DnKyD6osjg9oev2vARTDWk-1761328432-1.0.1.1-2tTj37Voqhoo_K06bFOd425_WbYPzOemhJ9EmUEWjHQVcrMXTaL4tzH5BbRPO.zBgnJIU6ibVJlgfLoYzqMHCUDP1hzZF6cwIc12aqKFdlQthPixUxqEMfedhp8aeohF;
        path=/; expires=Fri, 24-Oct-25 18:23:52 GMT; domain=.monday.com; HttpOnly;
        Secure; SameSite=None
      - _cfuvid=XQUVp0jrdz4V_UQB4Ip_pbS60dB4N4MIYA41yXua0WM-1761328432309-0.0.1.1-604800000;
        path=/; domain=.monday.com; HttpOnly; Secure; SameSite=None
      Strict-Transport-Security:
      - max-age=31536000; includeSubDomains
      Server:
      - cloudflare
    body:
      encoding: ASCII-8BIT
      string: '{"data":{"delete_board":{"id":"18265706409"}},"extensions":{"request_id":"c94ecd18-9d98-940c-89fe-c8dae5d42878"}}'
  recorded_at: Fri, 24 Oct 2025 17:53:52 GMT
recorded_with: VCR 6.3.1
