---
http_interactions:
- request:
    method: post
    uri: https://api.monday.com/v2
    body:
      encoding: UTF-8
      string: '{"query":"mutation{create_board(board_name: \"Column Filter Test Board\",
        board_kind: private){id name description}}"}'
    headers:
      Content-Type:
      - application/json
      Authorization:
      - "<TOKEN>"
      Accept-Encoding:
      - gzip;q=1.0,deflate;q=0.6,identity;q=0.3
      Accept:
      - "*/*"
      User-Agent:
      - Ruby
  response:
    status:
      code: 200
      message: OK
    headers:
      Date:
      - Mon, 27 Oct 2025 02:28:59 GMT
      Content-Type:
      - application/json
      Transfer-Encoding:
      - chunked
      Connection:
      - keep-alive
      Cf-Ray:
      - 994ec353aad13702-YYZ
      X-Api-Router:
      - 'true'
      Api-Version:
      - 2025-07
      X-Request-Id:
      - b8d78ea2-af89-91d6-9e4a-231381f8223f
      Vary:
      - accept-encoding
      - origin
      Access-Control-Allow-Origin:
      - "*"
      X-Envoy-Upstream-Service-Time:
      - '1612'
      Content-Security-Policy:
      - ";"
      Content-Security-Policy-Report-Only:
      - frame-ancestors https://*.monday.com; script-src 'self'; worker-src 'self';
        connect-src 'self'; report-uri https://o916138.ingest.us.sentry.io/api/4507803872198656/security/?sentry_key=8e1fb7e952d4abfd146752c94791f51a&sentry_environment=production;
      X-Monday-Rgn:
      - use1
      Cf-Cache-Status:
      - DYNAMIC
      Set-Cookie:
      - __cf_bm=wnXY3QYKGEARfvVUh59KyGjkqJtoN2_w4e6k9m8YbvM-1761532139-1.0.1.1-vKpiICA7LvJdJXLIJxaxxnO19EpR51QuVE9gRI9UKunCmCVKAntf35pK7c3w1nT5IlooKnT8yBHd3GrW6_uXoNX.WzlCVYvtC.ddnIzcz_raHJB1RhoFaCOVvzTZYWWk;
        path=/; expires=Mon, 27-Oct-25 02:58:59 GMT; domain=.monday.com; HttpOnly;
        Secure; SameSite=None
      - _cfuvid=FQXOOF_BEEBFpgrNkO7noNBzGeKw_NzfGDS.ufk9Eok-1761532139226-0.0.1.1-604800000;
        path=/; domain=.monday.com; HttpOnly; Secure; SameSite=None
      Strict-Transport-Security:
      - max-age=31536000; includeSubDomains
      Server:
      - cloudflare
    body:
      encoding: ASCII-8BIT
      string: '{"data":{"create_board":{"id":"18273402275","name":"Column Filter Test
        Board","description":null}},"extensions":{"request_id":"b8d78ea2-af89-91d6-9e4a-231381f8223f"}}'
  recorded_at: Mon, 27 Oct 2025 02:28:59 GMT
- request:
    method: post
    uri: https://api.monday.com/v2
    body:
      encoding: UTF-8
      string: '{"query":"query{boards(ids: [\"18273402275\"]){items_page(limit: 500){cursor
        items{id name}}}}"}'
    headers:
      Content-Type:
      - application/json
      Authorization:
      - "<TOKEN>"
      Accept-Encoding:
      - gzip;q=1.0,deflate;q=0.6,identity;q=0.3
      Accept:
      - "*/*"
      User-Agent:
      - Ruby
  response:
    status:
      code: 200
      message: OK
    headers:
      Date:
      - Mon, 27 Oct 2025 02:29:00 GMT
      Content-Type:
      - application/json
      Transfer-Encoding:
      - chunked
      Connection:
      - keep-alive
      Cf-Ray:
      - 994ec35f2cab7116-YYZ
      X-Api-Router:
      - 'true'
      Api-Version:
      - 2025-07
      X-Request-Id:
      - 9c7c60a6-247a-9e58-bfba-66e1786a9d97
      Vary:
      - accept-encoding
      - origin
      Access-Control-Allow-Origin:
      - "*"
      X-Envoy-Upstream-Service-Time:
      - '550'
      Content-Security-Policy:
      - ";"
      Content-Security-Policy-Report-Only:
      - frame-ancestors https://*.monday.com; script-src 'self'; worker-src 'self';
        connect-src 'self'; report-uri https://o916138.ingest.us.sentry.io/api/4507803872198656/security/?sentry_key=8e1fb7e952d4abfd146752c94791f51a&sentry_environment=production;
      X-Monday-Rgn:
      - use1
      Cf-Cache-Status:
      - DYNAMIC
      Set-Cookie:
      - __cf_bm=rtpe0UebXeRIVI_BtJEpO5.V0qpmkM1vyurhUT6xpPQ-1761532140-1.0.1.1-sF2il7FGYxe9WsnEb0RcdWl.szkkG0wuEe4Uy09TZqmJb5zhQp4OsucZWOCJ.1JqmjNigNOkbXmDDJbFZnkTAym_fpnWfsMGw1tbMkSNVnwFy8cuLP5eQra1PraM6WuN;
        path=/; expires=Mon, 27-Oct-25 02:59:00 GMT; domain=.monday.com; HttpOnly;
        Secure; SameSite=None
      - _cfuvid=toBjKOj5a1cq39WqSGEKYvA4ur.YZ517eQLBj7naNpA-1761532140009-0.0.1.1-604800000;
        path=/; domain=.monday.com; HttpOnly; Secure; SameSite=None
      Strict-Transport-Security:
      - max-age=31536000; includeSubDomains
      Server:
      - cloudflare
    body:
      encoding: ASCII-8BIT
      string: '{"data":{"boards":[{"items_page":{"cursor":null,"items":[{"id":"18273402300","name":"Task
        1"}]}}]},"extensions":{"request_id":"9c7c60a6-247a-9e58-bfba-66e1786a9d97"}}'
  recorded_at: Mon, 27 Oct 2025 02:28:59 GMT
- request:
    method: post
    uri: https://api.monday.com/v2
    body:
      encoding: UTF-8
      string: '{"query":"mutation{create_item(board_id: \"18273402275\", item_name:
        \"Test Item 1\"){id name created_at}}"}'
    headers:
      Content-Type:
      - application/json
      Authorization:
      - "<TOKEN>"
      Accept-Encoding:
      - gzip;q=1.0,deflate;q=0.6,identity;q=0.3
      Accept:
      - "*/*"
      User-Agent:
      - Ruby
  response:
    status:
      code: 200
      message: OK
    headers:
      Date:
      - Mon, 27 Oct 2025 02:29:00 GMT
      Content-Type:
      - application/json
      Transfer-Encoding:
      - chunked
      Connection:
      - keep-alive
      Cf-Ray:
      - 994ec3633cee36a1-YYZ
      X-Api-Router:
      - 'true'
      Api-Version:
      - 2025-07
      X-Request-Id:
      - 15efb645-c36f-9781-87c2-7fd706eb98d4
      Vary:
      - accept-encoding
      - origin
      Access-Control-Allow-Origin:
      - "*"
      X-Envoy-Upstream-Service-Time:
      - '787'
      Content-Security-Policy:
      - ";"
      Content-Security-Policy-Report-Only:
      - frame-ancestors https://*.monday.com; script-src 'self'; worker-src 'self';
        connect-src 'self'; report-uri https://o916138.ingest.us.sentry.io/api/4507803872198656/security/?sentry_key=8e1fb7e952d4abfd146752c94791f51a&sentry_environment=production;
      X-Monday-Rgn:
      - use1
      Cf-Cache-Status:
      - DYNAMIC
      Set-Cookie:
      - __cf_bm=D0vFMyhBI8pPqVrFaUxdoECW4kZFuK4D3c9oqXI36Gw-1761532140-1.0.1.1-LFGmEVKRZSkbaZtmpHCifpFU2xm0_a_3RwEJ4X30h2DuRsQyn1I46yzzvcEjDvoi5ZHxUI52B3gjIniuqs43A7oU2r1oXZSCymquaD5hLd2IppREnfOZKKxhLL7.T0yV;
        path=/; expires=Mon, 27-Oct-25 02:59:00 GMT; domain=.monday.com; HttpOnly;
        Secure; SameSite=None
      - _cfuvid=wPXVFduoLWMpDsxrBeV5ka.cGv9t0VLFOfpoMwnCZ.E-1761532140882-0.0.1.1-604800000;
        path=/; domain=.monday.com; HttpOnly; Secure; SameSite=None
      Strict-Transport-Security:
      - max-age=31536000; includeSubDomains
      Server:
      - cloudflare
    body:
      encoding: ASCII-8BIT
      string: '{"data":{"create_item":{"id":"18273402395","name":"Test Item 1","created_at":"2025-10-27T02:29:00Z"}},"extensions":{"request_id":"15efb645-c36f-9781-87c2-7fd706eb98d4"}}'
  recorded_at: Mon, 27 Oct 2025 02:29:00 GMT
- request:
    method: post
    uri: https://api.monday.com/v2
    body:
      encoding: UTF-8
      string: '{"query":"mutation{create_item(board_id: \"18273402275\", item_name:
        \"Test Item 2\"){id name created_at}}"}'
    headers:
      Content-Type:
      - application/json
      Authorization:
      - "<TOKEN>"
      Accept-Encoding:
      - gzip;q=1.0,deflate;q=0.6,identity;q=0.3
      Accept:
      - "*/*"
      User-Agent:
      - Ruby
  response:
    status:
      code: 200
      message: OK
    headers:
      Date:
      - Mon, 27 Oct 2025 02:29:01 GMT
      Content-Type:
      - application/json
      Transfer-Encoding:
      - chunked
      Connection:
      - keep-alive
      Cf-Ray:
      - 994ec3696e8574a5-YYZ
      X-Api-Router:
      - 'true'
      Api-Version:
      - 2025-07
      X-Request-Id:
      - df225b36-c05c-9ecf-9d8c-ad9458c37c7a
      Vary:
      - accept-encoding
      - origin
      Access-Control-Allow-Origin:
      - "*"
      X-Envoy-Upstream-Service-Time:
      - '752'
      Content-Security-Policy:
      - ";"
      Content-Security-Policy-Report-Only:
      - frame-ancestors https://*.monday.com; script-src 'self'; worker-src 'self';
        connect-src 'self'; report-uri https://o916138.ingest.us.sentry.io/api/4507803872198656/security/?sentry_key=8e1fb7e952d4abfd146752c94791f51a&sentry_environment=production;
      X-Monday-Rgn:
      - use1
      Cf-Cache-Status:
      - DYNAMIC
      Set-Cookie:
      - __cf_bm=a7flWZ3LYjM38hMu5oldpt8d8hHBGHAEL16NwoV15Ig-1761532141-1.0.1.1-pI13j_eDHl1IjAhtBh_8mHCEk6.GZQRU1efneQAA1a1alpwkoCOHHcWBeTGwFbemq18QwKbPaygEiUjLuBedRusX1ikL1ex7mv80_Jr5eMgTfVm6HETRLaWN5jHfsEQg;
        path=/; expires=Mon, 27-Oct-25 02:59:01 GMT; domain=.monday.com; HttpOnly;
        Secure; SameSite=None
      - _cfuvid=i6qD0dG1EO55y.XV7jrHXqTQb7aE0cBu0CuXt1WDAFc-1761532141822-0.0.1.1-604800000;
        path=/; domain=.monday.com; HttpOnly; Secure; SameSite=None
      Strict-Transport-Security:
      - max-age=31536000; includeSubDomains
      Server:
      - cloudflare
    body:
      encoding: ASCII-8BIT
      string: '{"data":{"create_item":{"id":"18273402434","name":"Test Item 2","created_at":"2025-10-27T02:29:01Z"}},"extensions":{"request_id":"df225b36-c05c-9ecf-9d8c-ad9458c37c7a"}}'
  recorded_at: Mon, 27 Oct 2025 02:29:02 GMT
- request:
    method: post
    uri: https://api.monday.com/v2
    body:
      encoding: UTF-8
      string: '{"query":"mutation{create_item(board_id: \"18273402275\", item_name:
        \"Test Item 3\"){id name created_at}}"}'
    headers:
      Content-Type:
      - application/json
      Authorization:
      - "<TOKEN>"
      Accept-Encoding:
      - gzip;q=1.0,deflate;q=0.6,identity;q=0.3
      Accept:
      - "*/*"
      User-Agent:
      - Ruby
  response:
    status:
      code: 200
      message: OK
    headers:
      Date:
      - Mon, 27 Oct 2025 02:29:03 GMT
      Content-Type:
      - application/json
      Transfer-Encoding:
      - chunked
      Connection:
      - keep-alive
      Cf-Ray:
      - 994ec36fcaddab3a-YYZ
      X-Api-Router:
      - 'true'
      Api-Version:
      - 2025-07
      X-Request-Id:
      - 58e5fad6-9d18-9db2-9c1c-5d386cbd4b67
      Vary:
      - accept-encoding
      - origin
      Access-Control-Allow-Origin:
      - "*"
      X-Envoy-Upstream-Service-Time:
      - '871'
      Content-Security-Policy:
      - ";"
      Content-Security-Policy-Report-Only:
      - frame-ancestors https://*.monday.com; script-src 'self'; worker-src 'self';
        connect-src 'self'; report-uri https://o916138.ingest.us.sentry.io/api/4507803872198656/security/?sentry_key=8e1fb7e952d4abfd146752c94791f51a&sentry_environment=production;
      X-Monday-Rgn:
      - use1
      Cf-Cache-Status:
      - DYNAMIC
      Set-Cookie:
      - __cf_bm=D2pmpNtp8.gjSdx2qJBTdx1qT77EGMXpeUeyVrbve9A-1761532143-1.0.1.1-OaaE6kGM8lkPUUvWRm6sh8dSpC1Nn6h.gdMEEA5.bVjtQqXhSIBQHCX8noSFfCkV2E1PrDQRtrG4fmywFPU9e0MesFa03MxEzXYgRUVpel7oyhUajXa19PzWvAGsD5x_;
        path=/; expires=Mon, 27-Oct-25 02:59:03 GMT; domain=.monday.com; HttpOnly;
        Secure; SameSite=None
      - _cfuvid=tsz7og9H02NgTMdmiFjv8wU79SijB1yVEfL3uWO5TBQ-1761532143007-0.0.1.1-604800000;
        path=/; domain=.monday.com; HttpOnly; Secure; SameSite=None
      Strict-Transport-Security:
      - max-age=31536000; includeSubDomains
      Server:
      - cloudflare
    body:
      encoding: ASCII-8BIT
      string: '{"data":{"create_item":{"id":"18273402488","name":"Test Item 3","created_at":"2025-10-27T02:29:02Z"}},"extensions":{"request_id":"58e5fad6-9d18-9db2-9c1c-5d386cbd4b67"}}'
  recorded_at: Mon, 27 Oct 2025 02:29:03 GMT
- request:
    method: post
    uri: https://api.monday.com/v2
    body:
      encoding: UTF-8
      string: '{"query":"mutation{create_item(board_id: \"18273402275\", item_name:
        \"Test Item 4\"){id name created_at}}"}'
    headers:
      Content-Type:
      - application/json
      Authorization:
      - "<TOKEN>"
      Accept-Encoding:
      - gzip;q=1.0,deflate;q=0.6,identity;q=0.3
      Accept:
      - "*/*"
      User-Agent:
      - Ruby
  response:
    status:
      code: 200
      message: OK
    headers:
      Date:
      - Mon, 27 Oct 2025 02:29:03 GMT
      Content-Type:
      - application/json
      Transfer-Encoding:
      - chunked
      Connection:
      - keep-alive
      Cf-Ray:
      - 994ec3763b20ac99-YYZ
      X-Api-Router:
      - 'true'
      Api-Version:
      - 2025-07
      X-Request-Id:
      - cad8858d-8d15-9408-b1b9-6c552caa931b
      Vary:
      - accept-encoding
      - origin
      Access-Control-Allow-Origin:
      - "*"
      X-Envoy-Upstream-Service-Time:
      - '738'
      Content-Security-Policy:
      - ";"
      Content-Security-Policy-Report-Only:
      - frame-ancestors https://*.monday.com; script-src 'self'; worker-src 'self';
        connect-src 'self'; report-uri https://o916138.ingest.us.sentry.io/api/4507803872198656/security/?sentry_key=8e1fb7e952d4abfd146752c94791f51a&sentry_environment=production;
      X-Monday-Rgn:
      - use1
      Cf-Cache-Status:
      - DYNAMIC
      Set-Cookie:
      - __cf_bm=Rt7MkknJI2_GABi6sMsVI2O6WkV3GfYcFFAmA1GiLWs-1761532143-1.0.1.1-FHuS6jAtEgiSTvQmT2ZFmJcBn.voJ8ruq7UJPqVJ6v9r3zkjMD4I9WDMwtoLlrgbr4KGKqU0xipt1_W5mlfkbCIL.CeqiBjkdFI4tgHuBLdfL8J0KTKv3giqcJZopwEz;
        path=/; expires=Mon, 27-Oct-25 02:59:03 GMT; domain=.monday.com; HttpOnly;
        Secure; SameSite=None
      - _cfuvid=4grjQ1UrEA3eAlWqJlFEf82p1PxHRFq62u.kh7OBpt4-1761532143868-0.0.1.1-604800000;
        path=/; domain=.monday.com; HttpOnly; Secure; SameSite=None
      Strict-Transport-Security:
      - max-age=31536000; includeSubDomains
      Server:
      - cloudflare
    body:
      encoding: ASCII-8BIT
      string: '{"data":{"create_item":{"id":"18273402524","name":"Test Item 4","created_at":"2025-10-27T02:29:03Z"}},"extensions":{"request_id":"cad8858d-8d15-9408-b1b9-6c552caa931b"}}'
  recorded_at: Mon, 27 Oct 2025 02:29:04 GMT
- request:
    method: post
    uri: https://api.monday.com/v2
    body:
      encoding: UTF-8
      string: '{"query":"mutation{create_item(board_id: \"18273402275\", item_name:
        \"Test Item 5\"){id name created_at}}"}'
    headers:
      Content-Type:
      - application/json
      Authorization:
      - "<TOKEN>"
      Accept-Encoding:
      - gzip;q=1.0,deflate;q=0.6,identity;q=0.3
      Accept:
      - "*/*"
      User-Agent:
      - Ruby
  response:
    status:
      code: 200
      message: OK
    headers:
      Date:
      - Mon, 27 Oct 2025 02:29:04 GMT
      Content-Type:
      - application/json
      Transfer-Encoding:
      - chunked
      Connection:
      - keep-alive
      Cf-Ray:
      - 994ec37c991aa1e1-YYZ
      X-Api-Router:
      - 'true'
      Api-Version:
      - 2025-07
      X-Request-Id:
      - dc794288-22d4-9c20-85b4-7bb2b33940a9
      Vary:
      - accept-encoding
      - origin
      Access-Control-Allow-Origin:
      - "*"
      X-Envoy-Upstream-Service-Time:
      - '717'
      Content-Security-Policy:
      - ";"
      Content-Security-Policy-Report-Only:
      - frame-ancestors https://*.monday.com; script-src 'self'; worker-src 'self';
        connect-src 'self'; report-uri https://o916138.ingest.us.sentry.io/api/4507803872198656/security/?sentry_key=8e1fb7e952d4abfd146752c94791f51a&sentry_environment=production;
      X-Monday-Rgn:
      - use1
      Cf-Cache-Status:
      - DYNAMIC
      Set-Cookie:
      - __cf_bm=bR7clhFtwFqwqVreWYkwqj11KzmbFNSSkKR.8hmuPwk-1761532144-1.0.1.1-RleGYD_cQoFJY7qsE6_SN4UOSaq1kCAtAtk53o6FDJYZHN0FjkneECk6rPxdcwPGnUTAgpYpTthuG1diu1MyJptVNFyUQCuP_ljEyaDBzbcglEQnuMcZ2gTN.SIJtyk5;
        path=/; expires=Mon, 27-Oct-25 02:59:04 GMT; domain=.monday.com; HttpOnly;
        Secure; SameSite=None
      - _cfuvid=wbSbKbs973OVtGv8W9J2uxo5l7tGGY0ijE3ZdjcRHCE-1761532144870-0.0.1.1-604800000;
        path=/; domain=.monday.com; HttpOnly; Secure; SameSite=None
      Strict-Transport-Security:
      - max-age=31536000; includeSubDomains
      Server:
      - cloudflare
    body:
      encoding: ASCII-8BIT
      string: '{"data":{"create_item":{"id":"18273402560","name":"Test Item 5","created_at":"2025-10-27T02:29:04Z"}},"extensions":{"request_id":"dc794288-22d4-9c20-85b4-7bb2b33940a9"}}'
  recorded_at: Mon, 27 Oct 2025 02:29:04 GMT
- request:
    method: post
    uri: https://api.monday.com/v2
    body:
      encoding: UTF-8
      string: '{"query":"mutation{create_item(board_id: \"18273402275\", item_name:
        \"Test Item 6\"){id name created_at}}"}'
    headers:
      Content-Type:
      - application/json
      Authorization:
      - "<TOKEN>"
      Accept-Encoding:
      - gzip;q=1.0,deflate;q=0.6,identity;q=0.3
      Accept:
      - "*/*"
      User-Agent:
      - Ruby
  response:
    status:
      code: 200
      message: OK
    headers:
      Date:
      - Mon, 27 Oct 2025 02:29:05 GMT
      Content-Type:
      - application/json
      Transfer-Encoding:
      - chunked
      Connection:
      - keep-alive
      Cf-Ray:
      - 994ec381ba47ab99-YYZ
      X-Api-Router:
      - 'true'
      Api-Version:
      - 2025-07
      X-Request-Id:
      - a90c10cb-2343-929f-9463-b979be46aef1
      Vary:
      - accept-encoding
      - origin
      Access-Control-Allow-Origin:
      - "*"
      X-Envoy-Upstream-Service-Time:
      - '813'
      Content-Security-Policy:
      - ";"
      Content-Security-Policy-Report-Only:
      - frame-ancestors https://*.monday.com; script-src 'self'; worker-src 'self';
        connect-src 'self'; report-uri https://o916138.ingest.us.sentry.io/api/4507803872198656/security/?sentry_key=8e1fb7e952d4abfd146752c94791f51a&sentry_environment=production;
      X-Monday-Rgn:
      - use1
      Cf-Cache-Status:
      - DYNAMIC
      Set-Cookie:
      - __cf_bm=0AL2vwEcXIKKxafSzzGZHaxZDzSzlMYAM5Rt.QM5AVM-1761532145-1.0.1.1-UzVyzysHMfsrV8O6W4RCjIzPcI6qwG.bOB.uFv_PYkWOd61cUv2dZ52cIW47XnsQj87.k1SrB.ek61pei4mb3XYwvG0HlNljxEiCm4ziOGg6y3ajbcvMS1jKppj4SLzD;
        path=/; expires=Mon, 27-Oct-25 02:59:05 GMT; domain=.monday.com; HttpOnly;
        Secure; SameSite=None
      - _cfuvid=9lXAaZyUxAzNV0Mq46ffC8Wro24DNT46SU8mCsEsaBo-1761532145822-0.0.1.1-604800000;
        path=/; domain=.monday.com; HttpOnly; Secure; SameSite=None
      Strict-Transport-Security:
      - max-age=31536000; includeSubDomains
      Server:
      - cloudflare
    body:
      encoding: ASCII-8BIT
      string: '{"data":{"create_item":{"id":"18273402591","name":"Test Item 6","created_at":"2025-10-27T02:29:05Z"}},"extensions":{"request_id":"a90c10cb-2343-929f-9463-b979be46aef1"}}'
  recorded_at: Mon, 27 Oct 2025 02:29:05 GMT
- request:
    method: post
    uri: https://api.monday.com/v2
    body:
      encoding: UTF-8
      string: '{"query":"mutation{create_item(board_id: \"18273402275\", item_name:
        \"Test Item 7\"){id name created_at}}"}'
    headers:
      Content-Type:
      - application/json
      Authorization:
      - "<TOKEN>"
      Accept-Encoding:
      - gzip;q=1.0,deflate;q=0.6,identity;q=0.3
      Accept:
      - "*/*"
      User-Agent:
      - Ruby
  response:
    status:
      code: 200
      message: OK
    headers:
      Date:
      - Mon, 27 Oct 2025 02:29:06 GMT
      Content-Type:
      - application/json
      Transfer-Encoding:
      - chunked
      Connection:
      - keep-alive
      Cf-Ray:
      - 994ec3882b37a250-YYZ
      X-Api-Router:
      - 'true'
      Api-Version:
      - 2025-07
      X-Request-Id:
      - c06e499b-b87a-9fda-9b6f-64df7a87ba3a
      Vary:
      - accept-encoding
      - origin
      Access-Control-Allow-Origin:
      - "*"
      X-Envoy-Upstream-Service-Time:
      - '987'
      Content-Security-Policy:
      - ";"
      Content-Security-Policy-Report-Only:
      - frame-ancestors https://*.monday.com; script-src 'self'; worker-src 'self';
        connect-src 'self'; report-uri https://o916138.ingest.us.sentry.io/api/4507803872198656/security/?sentry_key=8e1fb7e952d4abfd146752c94791f51a&sentry_environment=production;
      X-Monday-Rgn:
      - use1
      Cf-Cache-Status:
      - DYNAMIC
      Set-Cookie:
      - __cf_bm=5N0k0P5uFAwNSlETZAZktOO_qXvlm9GI4pEEBElGXIo-1761532146-1.0.1.1-y2yuiI5M__lHZ6w.3N2EaKbMMIuI5yBf6hycjNb6K_Hs7V72KAgP0N66K3sTw8zdaHsCiVTkM0rZZ6Yhu.S_wL8g8hurV2D2ZzSOp32Rvws7KJAyQqRtrT9lMZl9oP_7;
        path=/; expires=Mon, 27-Oct-25 02:59:06 GMT; domain=.monday.com; HttpOnly;
        Secure; SameSite=None
      - _cfuvid=.Dl05UJ42MCIASOnwh.d3q1Jd8NPtDv36ATEDzrRv4k-1761532146985-0.0.1.1-604800000;
        path=/; domain=.monday.com; HttpOnly; Secure; SameSite=None
      Strict-Transport-Security:
      - max-age=31536000; includeSubDomains
      Server:
      - cloudflare
    body:
      encoding: ASCII-8BIT
      string: '{"data":{"create_item":{"id":"18273402635","name":"Test Item 7","created_at":"2025-10-27T02:29:06Z"}},"extensions":{"request_id":"c06e499b-b87a-9fda-9b6f-64df7a87ba3a"}}'
  recorded_at: Mon, 27 Oct 2025 02:29:07 GMT
- request:
    method: post
    uri: https://api.monday.com/v2
    body:
      encoding: UTF-8
      string: '{"query":"mutation{create_item(board_id: \"18273402275\", item_name:
        \"Test Item 8\"){id name created_at}}"}'
    headers:
      Content-Type:
      - application/json
      Authorization:
      - "<TOKEN>"
      Accept-Encoding:
      - gzip;q=1.0,deflate;q=0.6,identity;q=0.3
      Accept:
      - "*/*"
      User-Agent:
      - Ruby
  response:
    status:
      code: 200
      message: OK
    headers:
      Date:
      - Mon, 27 Oct 2025 02:29:07 GMT
      Content-Type:
      - application/json
      Transfer-Encoding:
      - chunked
      Connection:
      - keep-alive
      Cf-Ray:
      - 994ec38f2819ac46-YYZ
      X-Api-Router:
      - 'true'
      Api-Version:
      - 2025-07
      X-Request-Id:
      - 529c7836-c5b8-9cb7-be0c-4759b58f62a6
      Vary:
      - accept-encoding
      - origin
      Access-Control-Allow-Origin:
      - "*"
      X-Envoy-Upstream-Service-Time:
      - '730'
      Content-Security-Policy:
      - ";"
      Content-Security-Policy-Report-Only:
      - frame-ancestors https://*.monday.com; script-src 'self'; worker-src 'self';
        connect-src 'self'; report-uri https://o916138.ingest.us.sentry.io/api/4507803872198656/security/?sentry_key=8e1fb7e952d4abfd146752c94791f51a&sentry_environment=production;
      X-Monday-Rgn:
      - use1
      Cf-Cache-Status:
      - DYNAMIC
      Set-Cookie:
      - __cf_bm=rPKy.snm0trqEpeAdRqBj5na_IGLTS0xo4kWrCW5A_I-1761532147-1.0.1.1-hvT_CeZ0k82C3jSCzyFBb3SJ6SSt5SMDoXf7G3Jg.rJIGMCYzeEj98WFoHAbsQ0_u_4PPzZaoTW8aKwEvLUUKpjwMbwyOoCd73EtpcKPAu_hFoP4dyqDumZvb9O3gwzP;
        path=/; expires=Mon, 27-Oct-25 02:59:07 GMT; domain=.monday.com; HttpOnly;
        Secure; SameSite=None
      - _cfuvid=NzqqQDUTjEGXj2qfepLrS8x_aE1uUSuRUwYRBP4PMGc-1761532147858-0.0.1.1-604800000;
        path=/; domain=.monday.com; HttpOnly; Secure; SameSite=None
      Strict-Transport-Security:
      - max-age=31536000; includeSubDomains
      Server:
      - cloudflare
    body:
      encoding: ASCII-8BIT
      string: '{"data":{"create_item":{"id":"18273402672","name":"Test Item 8","created_at":"2025-10-27T02:29:07Z"}},"extensions":{"request_id":"529c7836-c5b8-9cb7-be0c-4759b58f62a6"}}'
  recorded_at: Mon, 27 Oct 2025 02:29:07 GMT
- request:
    method: post
    uri: https://api.monday.com/v2
    body:
      encoding: UTF-8
      string: '{"query":"mutation{create_item(board_id: \"18273402275\", item_name:
        \"Test Item 9\"){id name created_at}}"}'
    headers:
      Content-Type:
      - application/json
      Authorization:
      - "<TOKEN>"
      Accept-Encoding:
      - gzip;q=1.0,deflate;q=0.6,identity;q=0.3
      Accept:
      - "*/*"
      User-Agent:
      - Ruby
  response:
    status:
      code: 200
      message: OK
    headers:
      Date:
      - Mon, 27 Oct 2025 02:29:08 GMT
      Content-Type:
      - application/json
      Transfer-Encoding:
      - chunked
      Connection:
      - keep-alive
      Cf-Ray:
      - 994ec394eafcaab4-YYZ
      X-Api-Router:
      - 'true'
      Api-Version:
      - 2025-07
      X-Request-Id:
      - 2b11fb14-4e86-9f7e-9e4e-2d66fbe9267e
      Vary:
      - accept-encoding
      - origin
      Access-Control-Allow-Origin:
      - "*"
      X-Envoy-Upstream-Service-Time:
      - '730'
      Content-Security-Policy:
      - ";"
      Content-Security-Policy-Report-Only:
      - frame-ancestors https://*.monday.com; script-src 'self'; worker-src 'self';
        connect-src 'self'; report-uri https://o916138.ingest.us.sentry.io/api/4507803872198656/security/?sentry_key=8e1fb7e952d4abfd146752c94791f51a&sentry_environment=production;
      X-Monday-Rgn:
      - use1
      Cf-Cache-Status:
      - DYNAMIC
      Set-Cookie:
      - __cf_bm=JVToaIpFY5cMrhiJA3vfOvDJ8tXs3mSwSLAtXg0Xpds-1761532148-1.0.1.1-A6Whebl0pWynAafHGeZRUpO08D7vR71R7nPgiv0Dg_s22bzG4CZBiVrdqFHrHcpqLMB3WFsBQ8BlHbp7vmI96lCtNmkiHWzJVUE.rSp54X9G5emKIIOy69ktYiVJfjSn;
        path=/; expires=Mon, 27-Oct-25 02:59:08 GMT; domain=.monday.com; HttpOnly;
        Secure; SameSite=None
      - _cfuvid=XIF7JnQxqOeReUNwbG_pR0VzpIA8Cr1XdEaN.sHSZG4-1761532148769-0.0.1.1-604800000;
        path=/; domain=.monday.com; HttpOnly; Secure; SameSite=None
      Strict-Transport-Security:
      - max-age=31536000; includeSubDomains
      Server:
      - cloudflare
    body:
      encoding: ASCII-8BIT
      string: '{"data":{"create_item":{"id":"18273402700","name":"Test Item 9","created_at":"2025-10-27T02:29:08Z"}},"extensions":{"request_id":"2b11fb14-4e86-9f7e-9e4e-2d66fbe9267e"}}'
  recorded_at: Mon, 27 Oct 2025 02:29:08 GMT
- request:
    method: post
    uri: https://api.monday.com/v2
    body:
      encoding: UTF-8
      string: '{"query":"mutation{create_item(board_id: \"18273402275\", item_name:
        \"Test Item 10\"){id name created_at}}"}'
    headers:
      Content-Type:
      - application/json
      Authorization:
      - "<TOKEN>"
      Accept-Encoding:
      - gzip;q=1.0,deflate;q=0.6,identity;q=0.3
      Accept:
      - "*/*"
      User-Agent:
      - Ruby
  response:
    status:
      code: 200
      message: OK
    headers:
      Date:
      - Mon, 27 Oct 2025 02:29:09 GMT
      Content-Type:
      - application/json
      Transfer-Encoding:
      - chunked
      Connection:
      - keep-alive
      Cf-Ray:
      - 994ec39aa9bb2659-YYZ
      X-Api-Router:
      - 'true'
      Api-Version:
      - 2025-07
      X-Request-Id:
      - 2f199d1c-4c7b-94cd-97ad-0c842f25237f
      Vary:
      - accept-encoding
      - origin
      Access-Control-Allow-Origin:
      - "*"
      X-Envoy-Upstream-Service-Time:
      - '855'
      Content-Security-Policy:
      - ";"
      Content-Security-Policy-Report-Only:
      - frame-ancestors https://*.monday.com; script-src 'self'; worker-src 'self';
        connect-src 'self'; report-uri https://o916138.ingest.us.sentry.io/api/4507803872198656/security/?sentry_key=8e1fb7e952d4abfd146752c94791f51a&sentry_environment=production;
      X-Monday-Rgn:
      - use1
      Cf-Cache-Status:
      - DYNAMIC
      Set-Cookie:
      - __cf_bm=pBG1OxNhltGOhcypKURAMI4.uQ.2rNAZBmSDJ9r3DjA-1761532149-1.0.1.1-_FDkNc3c3CU7ter1DyPPl3JL2iJ4qxmdl6StRqA8gth5kDj7I3LmP9HK1oD9V0b10TSB69LtMxMiAcWNYl958ea1Y36SQyRMzx3Px8E8pvRKv0.MQoa612ae_Uj61QJD;
        path=/; expires=Mon, 27-Oct-25 02:59:09 GMT; domain=.monday.com; HttpOnly;
        Secure; SameSite=None
      - _cfuvid=tD4zhxtdnaJkO3EoqnnrsFOSV0oA5BVOoYgzaOznLko-1761532149835-0.0.1.1-604800000;
        path=/; domain=.monday.com; HttpOnly; Secure; SameSite=None
      Strict-Transport-Security:
      - max-age=31536000; includeSubDomains
      Server:
      - cloudflare
    body:
      encoding: ASCII-8BIT
      string: '{"data":{"create_item":{"id":"18273402733","name":"Test Item 10","created_at":"2025-10-27T02:29:09Z"}},"extensions":{"request_id":"2f199d1c-4c7b-94cd-97ad-0c842f25237f"}}'
  recorded_at: Mon, 27 Oct 2025 02:29:09 GMT
- request:
    method: post
    uri: https://api.monday.com/v2
    body:
      encoding: UTF-8
      string: '{"query":"query{items_page_by_column_values(board_id: 18273402275,
        limit: 25, columns: [{column_id: \"name\", column_values: [\"Test Item 1\"]}]){cursor
        items{id name}}}"}'
    headers:
      Content-Type:
      - application/json
      Authorization:
      - "<TOKEN>"
      Accept-Encoding:
      - gzip;q=1.0,deflate;q=0.6,identity;q=0.3
      Accept:
      - "*/*"
      User-Agent:
      - Ruby
  response:
    status:
      code: 200
      message: OK
    headers:
      Date:
      - Mon, 27 Oct 2025 02:29:10 GMT
      Content-Type:
      - application/json
      Transfer-Encoding:
      - chunked
      Connection:
      - keep-alive
      Cf-Ray:
      - 994ec3a1195238e5-YYZ
      X-Api-Router:
      - 'true'
      Api-Version:
      - 2025-07
      X-Request-Id:
      - 2edc477d-f278-9527-b20e-6215f02cf057
      Vary:
      - accept-encoding
      - origin
      Access-Control-Allow-Origin:
      - "*"
      X-Envoy-Upstream-Service-Time:
      - '555'
      Content-Security-Policy:
      - ";"
      Content-Security-Policy-Report-Only:
      - frame-ancestors https://*.monday.com; script-src 'self'; worker-src 'self';
        connect-src 'self'; report-uri https://o916138.ingest.us.sentry.io/api/4507803872198656/security/?sentry_key=8e1fb7e952d4abfd146752c94791f51a&sentry_environment=production;
      X-Monday-Rgn:
      - use1
      Cf-Cache-Status:
      - DYNAMIC
      Set-Cookie:
      - __cf_bm=FVYP_LPRTQSP8MWhpnaw4ydCKDw4qUhmen6uiljapxo-1761532150-1.0.1.1-1sTAudd0nLdWB80UxcTAiWgQ0G3lRodGkS7JTqA6q8qblpJQslWt2npUKkWFW0Yyqx6M3qVPSc9Z4oStbol8xzZAlLnnQkbX.BV_izFie75UacnC0.0RoZpF1tmcPPNY;
        path=/; expires=Mon, 27-Oct-25 02:59:10 GMT; domain=.monday.com; HttpOnly;
        Secure; SameSite=None
      - _cfuvid=CcwUkaVD331QFqbG6IC1M2EehwhkoGROXM99IrsSX60-1761532150532-0.0.1.1-604800000;
        path=/; domain=.monday.com; HttpOnly; Secure; SameSite=None
      Strict-Transport-Security:
      - max-age=31536000; includeSubDomains
      Server:
      - cloudflare
    body:
      encoding: ASCII-8BIT
      string: '{"data":{"items_page_by_column_values":{"cursor":null,"items":[{"id":"18273402395","name":"Test
        Item 1"}]}},"extensions":{"request_id":"2edc477d-f278-9527-b20e-6215f02cf057"}}'
  recorded_at: Mon, 27 Oct 2025 02:29:10 GMT
- request:
    method: post
    uri: https://api.monday.com/v2
    body:
      encoding: UTF-8
      string: '{"query":"mutation{delete_board(board_id: 18273402275){id}}"}'
    headers:
      Content-Type:
      - application/json
      Authorization:
      - "<TOKEN>"
      Accept-Encoding:
      - gzip;q=1.0,deflate;q=0.6,identity;q=0.3
      Accept:
      - "*/*"
      User-Agent:
      - Ruby
  response:
    status:
      code: 200
      message: OK
    headers:
      Date:
      - Mon, 27 Oct 2025 02:29:11 GMT
      Content-Type:
      - application/json
      Transfer-Encoding:
      - chunked
      Connection:
      - keep-alive
      Cf-Ray:
      - 994ec3a59f42ac2d-YYZ
      X-Api-Router:
      - 'true'
      Api-Version:
      - 2025-07
      X-Request-Id:
      - ae9245f7-0555-9880-b73e-00991c908a56
      Vary:
      - accept-encoding
      - origin
      Access-Control-Allow-Origin:
      - "*"
      X-Envoy-Upstream-Service-Time:
      - '750'
      Content-Security-Policy:
      - ";"
      Content-Security-Policy-Report-Only:
      - frame-ancestors https://*.monday.com; script-src 'self'; worker-src 'self';
        connect-src 'self'; report-uri https://o916138.ingest.us.sentry.io/api/4507803872198656/security/?sentry_key=8e1fb7e952d4abfd146752c94791f51a&sentry_environment=production;
      X-Monday-Rgn:
      - use1
      Cf-Cache-Status:
      - DYNAMIC
      Set-Cookie:
      - __cf_bm=CZx1uuqPLK_f8XJhSsVP35.aBRl925rLCFj0yOx_NPs-1761532151-1.0.1.1-s8nnPC6E_oyf2FOIPdnpQQMOh3nELO1XXRsnFH1lsbEjzTqe4MeVzJ8LfuoYNpp2mWbv6zB71j6d0e8LaQKduYzbLx81zCZCx_vUKa06fsUT_QXaAR75Bb_nzXg_It5V;
        path=/; expires=Mon, 27-Oct-25 02:59:11 GMT; domain=.monday.com; HttpOnly;
        Secure; SameSite=None
      - _cfuvid=yYR9_bOqFbPpNuEZtk48Vdk_kGzlV5BGhjvnzo6OprM-1761532151470-0.0.1.1-604800000;
        path=/; domain=.monday.com; HttpOnly; Secure; SameSite=None
      Strict-Transport-Security:
      - max-age=31536000; includeSubDomains
      Server:
      - cloudflare
    body:
      encoding: ASCII-8BIT
      string: '{"data":{"delete_board":{"id":"18273402275"}},"extensions":{"request_id":"ae9245f7-0555-9880-b73e-00991c908a56"}}'
  recorded_at: Mon, 27 Oct 2025 02:29:11 GMT
recorded_with: VCR 6.3.1
